Microsoft Windows [Version 10.0.10240]
(c) 2015 Microsoft Corporation. All rights reserved.

C:\Windows\system32>cd C:\Users\w2cluster501\Documents\workspace\myfirstdemo

C:\Users\w2cluster501\Documents\workspace\myfirstdemo>mvn clean package -DskipTests
[INFO] Scanning for projects...
[INFO]
[INFO] ------------------------< com.ibm:myfirstdemo >-------------------------
[INFO] Building myfirstdemo 0.0.1-SNAPSHOT
[INFO] --------------------------------[ jar ]---------------------------------
[INFO]
[INFO] --- maven-clean-plugin:3.1.0:clean (default-clean) @ myfirstdemo ---
[INFO] Deleting C:\Users\w2cluster501\Documents\workspace\myfirstdemo\target
[INFO]
[INFO] --- maven-resources-plugin:3.1.0:resources (default-resources) @ myfirstdemo ---
[INFO] Using 'UTF-8' encoding to copy filtered resources.
[INFO] Copying 1 resource
[INFO] Copying 0 resource
[INFO]
[INFO] --- maven-compiler-plugin:3.8.1:compile (default-compile) @ myfirstdemo ---
[INFO] Changes detected - recompiling the module!
[INFO] Compiling 2 source files to C:\Users\w2cluster501\Documents\workspace\myfirstdemo\target\classes
[INFO]
[INFO] --- maven-resources-plugin:3.1.0:testResources (default-testResources) @ myfirstdemo ---
[INFO] Using 'UTF-8' encoding to copy filtered resources.
[INFO] skip non existing resourceDirectory C:\Users\w2cluster501\Documents\workspace\myfirstdemo\src\test\resources
[INFO]
[INFO] --- maven-compiler-plugin:3.8.1:testCompile (default-testCompile) @ myfirstdemo ---
[INFO] Changes detected - recompiling the module!
[INFO] Compiling 1 source file to C:\Users\w2cluster501\Documents\workspace\myfirstdemo\target\test-classes
[INFO]
[INFO] --- maven-surefire-plugin:2.22.2:test (default-test) @ myfirstdemo ---
[INFO] Tests are skipped.
[INFO]
[INFO] --- maven-jar-plugin:3.1.1:jar (default-jar) @ myfirstdemo ---
[INFO] Building jar: C:\Users\w2cluster501\Documents\workspace\myfirstdemo\target\simple-docker.jar
[INFO]
[INFO] --- spring-boot-maven-plugin:2.3.4.RELEASE:repackage (repackage) @ myfirstdemo ---
[INFO] Replacing main artifact with repackaged archive
[INFO] ------------------------------------------------------------------------
[INFO] BUILD SUCCESS
[INFO] ------------------------------------------------------------------------
[INFO] Total time:  8.467 s
[INFO] Finished at: 2020-09-25T11:35:59+05:30
[INFO] ------------------------------------------------------------------------

C:\Users\w2cluster501\Documents\workspace\myfirstdemo>docker images

C:\Users\w2cluster501\Documents\workspace\myfirstdemo>docker machine ls

C:\Users\w2cluster501\Documents\workspace\myfirstdemo>docker-machine ls
NAME         ACTIVE   DRIVER       STATE     URL   SWARM   DOCKER    ERRORS
default      -        virtualbox   Stopped                 Unknown
docker-vm1   -        virtualbox   Stopped                 Unknown
docker-vm2   -        virtualbox   Stopped                 Unknown

C:\Users\w2cluster501\Documents\workspace\myfirstdemo>docker-machine start docker-vm1
Starting "docker-vm1"...
(docker-vm1) Check network to re-create if needed...
(docker-vm1) Windows might ask for the permission to configure a dhcp server. Sometimes, such confirmation window is minimized in the taskbar.
(docker-vm1) Waiting for an IP...
Machine "docker-vm1" was started.
Waiting for SSH to be available...
Detecting the provisioner...
Started machines may have new IP addresses. You may need to re-run the `docker-machine env` command.

C:\Users\w2cluster501\Documents\workspace\myfirstdemo>docker-machine ls
NAME         ACTIVE   DRIVER       STATE     URL   SWARM   DOCKER    ERRORS
default      -        virtualbox   Stopped                 Unknown
docker-vm1            virtualbox   Timeout
docker-vm2   -        virtualbox   Stopped                 Unknown

C:\Users\w2cluster501\Documents\workspace\myfirstdemo>docker-machine ls
NAME         ACTIVE   DRIVER       STATE     URL                         SWARM   DOCKER      ERRORS
default      -        virtualbox   Stopped                                       Unknown
docker-vm1   -        virtualbox   Running   tcp://192.168.99.100:2376           v19.03.12
docker-vm2   -        virtualbox   Stopped                                       Unknown

C:\Users\w2cluster501\Documents\workspace\myfirstdemo>docker-machine env docker-vm1
SET DOCKER_TLS_VERIFY=1
SET DOCKER_HOST=tcp://192.168.99.100:2376
SET DOCKER_CERT_PATH=C:\Users\w2cluster501\.docker\machine\machines\docker-vm1
SET DOCKER_MACHINE_NAME=docker-vm1
SET COMPOSE_CONVERT_WINDOWS_PATHS=true
REM Run this command to configure your shell:
REM     @FOR /f "tokens=*" %i IN ('docker-machine env docker-vm1') DO @%i

C:\Users\w2cluster501\Documents\workspace\myfirstdemo>@FOR /f "tokens=*" %i IN ('docker-machine env docker-vm1') DO @%i

C:\Users\w2cluster501\Documents\workspace\myfirstdemo>docker images
REPOSITORY          TAG                 IMAGE ID            CREATED             SIZE
rabbitmq            3-management        cc20c50012e2        35 hours ago        186MB
openzipkin/zipkin   latest              1850194f377c        4 weeks ago         160MB

C:\Users\w2cluster501\Documents\workspace\myfirstdemo>docker built -t vrushalikaware14/firstdemo-dockerV1:latest
unknown docker COMMAND: 't' in -t
See 'docker --help'.
A self-sufficient runtime for containers
Usage:
Options:
      --config string         Location of client config files (default
                              "C:\\Users\\w2cluster501\\.docker")
  -D, --debug                 Enable debug mode
  -H, --host list             Daemon socket(s) to connect to
  -l, --log-level string      Set the logging level
                              ("debug"|"info"|"warn"|"error"|"fatal")
                              (default "info")
      --orchestrator string   Which orchestrator to use with the docker
                              cli (swarm|kubernetes) (default swarm)
                              (experimental)
      --tls                   Use TLS; implied by --tlsverify
      --tlscacert string      Trust certs signed only by this CA (default
                              "C:\\Users\\w2cluster501\\.docker\\machine\\machines\\docker-vm1\\ca.pem")
      --tlscert string        Path to TLS certificate file (default
                              "C:\\Users\\w2cluster501\\.docker\\machine\\machines\\docker-vm1\\cert.pem")
      --tlskey string         Path to TLS key file (default
                              "C:\\Users\\w2cluster501\\.docker\\machine\\machines\\docker-vm1\\key.pem")
      --tlsverify             Use TLS and verify the remote (default true)
  -v, --version               Print version information and quit

Management Commands:
  checkpoint  Manage checkpoints
  config      Manage Docker configs
  container   Manage containers
  image       Manage images
  manifest    Manage Docker image manifests and manifest lists
  network     Manage networks
  node        Manage Swarm nodes
  plugin      Manage plugins
  secret      Manage Docker secrets
  service     Manage services
  stack       Manage Docker stacks
  swarm       Manage Swarm
  system      Manage Docker
  trust       Manage trust on Docker images
  volume      Manage volumes

Commands:
  attach      Attach local standard input, output, and error streams to a running container
  build       Build an image from a Dockerfile
  commit      Create a new image from a container's changes
  cp          Copy files/folders between a container and the local filesystem
  create      Create a new container
  deploy      Deploy a new stack or update an existing stack
  diff        Inspect changes to files or directories on a container's filesystem
  events      Get real time events from the server
  exec        Run a command in a running container
  export      Export a container's filesystem as a tar archive
  history     Show the history of an image
  images      List images
  import      Import the contents from a tarball to create a filesystem image
  info        Display system-wide information
  inspect     Return low-level information on Docker objects
  kill        Kill one or more running containers
  load        Load an image from a tar archive or STDIN
  login       Log in to a Docker registry
  logout      Log out from a Docker registry
  logs        Fetch the logs of a container
  pause       Pause all processes within one or more containers
  port        List port mappings or a specific mapping for the container
  ps          List containers
  pull        Pull an image or a repository from a registry
  push        Push an image or a repository to a registry
  rename      Rename a container
  restart     Restart one or more containers
  rm          Remove one or more containers
  rmi         Remove one or more images
  run         Run a command in a new container
  save        Save one or more images to a tar archive (streamed to STDOUT by default)
  search      Search the Docker Hub for images
  start       Start one or more stopped containers
  stats       Display a live stream of container(s) resource usage statistics
  stop        Stop one or more running containers
  tag         Create a tag TARGET_IMAGE that refers to SOURCE_IMAGE
  top         Display the running processes of a container
  unpause     Unpause all processes within one or more containers
  update      Update configuration of one or more containers
  version     Show the Docker version information
  wait        Block until one or more containers stop, then print their exit codes

Run 'docker COMMAND --help' for more information on a command.


C:\Users\w2cluster501\Documents\workspace\myfirstdemo>docker built -t vrushalikaware14/firstdemo-dockerV1:latest
unknown shorthand flag: 't' in -t
See 'docker --help'.

Usage:  docker COMMAND

A self-sufficient runtime for containers

Options:
      --config string         Location of client config files (default
                              "C:\\Users\\w2cluster501\\.docker")
  -D, --debug                 Enable debug mode
  -H, --host list             Daemon socket(s) to connect to
  -l, --log-level string      Set the logging level
                              ("debug"|"info"|"warn"|"error"|"fatal")
                              (default "info")
      --orchestrator string   Which orchestrator to use with the docker
                              cli (swarm|kubernetes) (default swarm)
                              (experimental)
      --tls                   Use TLS; implied by --tlsverify
      --tlscacert string      Trust certs signed only by this CA (default
                              "C:\\Users\\w2cluster501\\.docker\\machine\\machines\\docker-vm1\\ca.pem")
      --tlscert string        Path to TLS certificate file (default
                              "C:\\Users\\w2cluster501\\.docker\\machine\\machines\\docker-vm1\\cert.pem")
      --tlskey string         Path to TLS key file (default
                              "C:\\Users\\w2cluster501\\.docker\\machine\\machines\\docker-vm1\\key.pem")
      --tlsverify             Use TLS and verify the remote (default true)
  -v, --version               Print version information and quit

Management Commands:
  checkpoint  Manage checkpoints
  config      Manage Docker configs
  container   Manage containers
  image       Manage images
  manifest    Manage Docker image manifests and manifest lists
  network     Manage networks
  node        Manage Swarm nodes
  plugin      Manage plugins
  secret      Manage Docker secrets
  service     Manage services
  stack       Manage Docker stacks
  swarm       Manage Swarm
  system      Manage Docker
  trust       Manage trust on Docker images
  volume      Manage volumes

Commands:
  attach      Attach local standard input, output, and error streams to a running container
  build       Build an image from a Dockerfile
  commit      Create a new image from a container's changes
  cp          Copy files/folders between a container and the local filesystem
  create      Create a new container
  deploy      Deploy a new stack or update an existing stack
  diff        Inspect changes to files or directories on a container's filesystem
  events      Get real time events from the server
  exec        Run a command in a running container
  export      Export a container's filesystem as a tar archive
  history     Show the history of an image
  images      List images
  import      Import the contents from a tarball to create a filesystem image
  info        Display system-wide information
  inspect     Return low-level information on Docker objects
  kill        Kill one or more running containers
  load        Load an image from a tar archive or STDIN
  login       Log in to a Docker registry
  logout      Log out from a Docker registry
  logs        Fetch the logs of a container
  pause       Pause all processes within one or more containers
  port        List port mappings or a specific mapping for the container
  ps          List containers
  pull        Pull an image or a repository from a registry
  push        Push an image or a repository to a registry
  rename      Rename a container
  restart     Restart one or more containers
  rm          Remove one or more containers
  rmi         Remove one or more images
  run         Run a command in a new container
  save        Save one or more images to a tar archive (streamed to STDOUT by default)
  search      Search the Docker Hub for images
  start       Start one or more stopped containers
  stats       Display a live stream of container(s) resource usage statistics
  stop        Stop one or more running containers
  tag         Create a tag TARGET_IMAGE that refers to SOURCE_IMAGE
  top         Display the running processes of a container
  unpause     Unpause all processes within one or more containers
  update      Update configuration of one or more containers
  version     Show the Docker version information
  wait        Block until one or more containers stop, then print their exit codes

Run 'docker COMMAND --help' for more information on a command.


C:\Users\w2cluster501\Documents\workspace\myfirstdemo>
C:\Users\w2cluster501\Documents\workspace\myfirstdemo>
C:\Users\w2cluster501\Documents\workspace\myfirstdemo>docker images
REPOSITORY          TAG                 IMAGE ID            CREATED             SIZE
rabbitmq            3-management        cc20c50012e2        35 hours ago        186MB
openzipkin/zipkin   latest              1850194f377c        4 weeks ago         160MB

C:\Users\w2cluster501\Documents\workspace\myfirstdemo>docker build -t vrushalikaware14/firstdemo1:latest
"docker build" requires exactly 1 argument.
See 'docker build --help'.

Usage:  docker build [OPTIONS] PATH | URL | - [flags]

Build an image from a Dockerfile

C:\Users\w2cluster501\Documents\workspace\myfirstdemo>

C:\Users\w2cluster501\Documents\workspace\myfirstdemo>docker build -t vrushalikaware14/firstdemo1:latest .
Sending build context to Docker daemon  16.68MB
Step 1/4 : FROM openjdk:8-jdk-alpine
8-jdk-alpine: Pulling from library/openjdk
e7c96db7181b: Pull complete
f910a506b6cb: Pull complete
c2274a1a0e27: Pull complete
Digest: sha256:94792824df2df33402f201713f932b58cb9de94a0cd524164a0f2283343547b3
Status: Downloaded newer image for openjdk:8-jdk-alpine
 ---> a3562aa0b991
Step 2/4 : ARG JAR_FILE=target/*.jar
 ---> Running in b87061646ee1
Removing intermediate container b87061646ee1
 ---> dc2d03d2e1bd
Step 3/4 : COPY ${JAR_FILE} app.jar
 ---> a1c3178d2dec
Step 4/4 : ENTRYPOINT ["java","-jar","/app.jar"]
 ---> Running in 71a2926d3823
Removing intermediate container 71a2926d3823
 ---> 472e18d453ce
Successfully built 472e18d453ce
Successfully tagged vrushalikaware14/firstdemo1:latest
SECURITY WARNING: You are building a Docker image from Windows against a non-Windows Docker host. All files and directories added to build context will have '-rwxr-xr-x' permissions. It is recommended to double check and reset permissions for sensitive files and directories.

C:\Users\w2cluster501\Documents\workspace\myfirstdemo>docker images
REPOSITORY                    TAG                 IMAGE ID            CREATED                  SIZE
vrushalikaware14/firstdemo1   latest              472e18d453ce        Less than a second ago   121MB
rabbitmq                      3-management        cc20c50012e2        35 hours ago             186MB
openzipkin/zipkin             latest              1850194f377c        4 weeks ago              160MB
openjdk                       8-jdk-alpine        a3562aa0b991        16 months ago            105MB

C:\Users\w2cluster501\Documents\workspace\myfirstdemo>docker rmi 472e18d453ce
Untagged: vrushalikaware14/firstdemo1:latest
Deleted: sha256:472e18d453ce78d592819cb811570fd65297755486d02cf6bf91fb81440aebfd
Deleted: sha256:a1c3178d2dec5f6bace0f9f1bc6338a636957a06910797f11d2dd5893da1daea
Deleted: sha256:d39b45fd08c70014fd88e078956de514174bd7245d937c27a2f67f2344956268
Deleted: sha256:dc2d03d2e1bde93b4e61d62dc0bf65e5068115884d98e1425e1a16603fb7e71b

C:\Users\w2cluster501\Documents\workspace\myfirstdemo>docker images
REPOSITORY          TAG                 IMAGE ID            CREATED             SIZE
rabbitmq            3-management        cc20c50012e2        35 hours ago        186MB
openzipkin/zipkin   latest              1850194f377c        4 weeks ago         160MB
openjdk             8-jdk-alpine        a3562aa0b991        16 months ago       105MB

C:\Users\w2cluster501\Documents\workspace\myfirstdemo>mvn clean package -DskipTests
[INFO] Scanning for projects...
[INFO]
[INFO] ------------------------< com.ibm:myfirstdemo >-------------------------
[INFO] Building myfirstdemo 0.0.1-SNAPSHOT
[INFO] --------------------------------[ jar ]---------------------------------
[INFO]
[INFO] --- maven-clean-plugin:3.1.0:clean (default-clean) @ myfirstdemo ---
[INFO] Deleting C:\Users\w2cluster501\Documents\workspace\myfirstdemo\target
[INFO]
[INFO] --- maven-resources-plugin:3.1.0:resources (default-resources) @ myfirstdemo ---
[INFO] Using 'UTF-8' encoding to copy filtered resources.
[INFO] Copying 1 resource
[INFO] Copying 0 resource
[INFO]
[INFO] --- maven-compiler-plugin:3.8.1:compile (default-compile) @ myfirstdemo ---
[INFO] Changes detected - recompiling the module!
[INFO] Compiling 2 source files to C:\Users\w2cluster501\Documents\workspace\myfirstdemo\target\classes
[INFO]
[INFO] --- maven-resources-plugin:3.1.0:testResources (default-testResources) @ myfirstdemo ---
[INFO] Using 'UTF-8' encoding to copy filtered resources.
[INFO] skip non existing resourceDirectory C:\Users\w2cluster501\Documents\workspace\myfirstdemo\src\test\resources
[INFO]
[INFO] --- maven-compiler-plugin:3.8.1:testCompile (default-testCompile) @ myfirstdemo ---
[INFO] Changes detected - recompiling the module!
[INFO] Compiling 1 source file to C:\Users\w2cluster501\Documents\workspace\myfirstdemo\target\test-classes
[INFO]
[INFO] --- maven-surefire-plugin:2.22.2:test (default-test) @ myfirstdemo ---
[INFO] Tests are skipped.
[INFO]
[INFO] --- maven-jar-plugin:3.1.1:jar (default-jar) @ myfirstdemo ---
[INFO] Building jar: C:\Users\w2cluster501\Documents\workspace\myfirstdemo\target\simple-docker.jar
[INFO]
[INFO] --- spring-boot-maven-plugin:2.3.4.RELEASE:repackage (repackage) @ myfirstdemo ---
[INFO] Replacing main artifact with repackaged archive
[INFO] ------------------------------------------------------------------------
[INFO] BUILD SUCCESS
[INFO] ------------------------------------------------------------------------
[INFO] Total time:  5.249 s
[INFO] Finished at: 2020-09-25T11:57:31+05:30
[INFO] ------------------------------------------------------------------------

C:\Users\w2cluster501\Documents\workspace\myfirstdemo>docker build -t vrushalikaware14/firstdemo-docker1:latest .
Sending build context to Docker daemon  16.68MB
Step 1/4 : FROM openjdk:8-jdk-alpine
 ---> a3562aa0b991
Step 2/4 : ARG JAR_FILE=target/*.jar
 ---> Running in 66af8d57a8db
Removing intermediate container 66af8d57a8db
 ---> 054d8aa3b454
Step 3/4 : COPY ${JAR_FILE} app.jar
 ---> a2df4531d037
Step 4/4 : ENTRYPOINT ["java","-jar","/app.jar"]
 ---> Running in ad7a68f2f676
Removing intermediate container ad7a68f2f676
 ---> 9246762211d4
Successfully built 9246762211d4
Successfully tagged vrushalikaware14/firstdemo-docker1:latest
SECURITY WARNING: You are building a Docker image from Windows against a non-Windows Docker host. All files and directories added to build context will have '-rwxr-xr-x' permissions. It is recommended to double check and reset permissions for sensitive files and directories.

C:\Users\w2cluster501\Documents\workspace\myfirstdemo>docker images
REPOSITORY                           TAG                 IMAGE ID            CREATED                  SIZE
vrushalikaware14/firstdemo-docker1   latest              9246762211d4        Less than a second ago   121MB
rabbitmq                             3-management        cc20c50012e2        35 hours ago             186MB
openzipkin/zipkin                    latest              1850194f377c        4 weeks ago              160MB
openjdk                              8-jdk-alpine        a3562aa0b991        16 months ago            105MB

C:\Users\w2cluster501\Documents\workspace\myfirstdemo>docker run -d -p 8300:8300 vrushalikaware14/firstdemo-docker1:latest
87a169489245d524007064204cc3183760452ab14361ce55e5177bc88db8faf8

C:\Users\w2cluster501\Documents\workspace\myfirstdemo>docker ps
CONTAINER ID        IMAGE                                       COMMAND                CREATED                  STATUS              PORTS                    NAMES
87a169489245        vrushalikaware14/firstdemo-docker1:latest   "java -jar /app.jar"   Less than a second ago   Up 6 seconds        0.0.0.0:8300->8300/tcp   inspiring_jang

C:\Users\w2cluster501\Documents\workspace\myfirstdemo>docker push vrushalikaware14/firstdemo-docker1:latest
The push refers to repository [docker.io/vrushalikaware14/firstdemo-docker1]
Get https://registry-1.docker.io/v2/: net/http: TLS handshake timeout

C:\Users\w2cluster501\Documents\workspace\myfirstdemo>docker login
Login with your Docker ID to push and pull images from Docker Hub. If you don't have a Docker ID, head over to https://hub.docker.com to create one.
Username: vrushalikaware14
Password:
Login Succeeded

C:\Users\w2cluster501\Documents\workspace\myfirstdemo>
C:\Users\w2cluster501\Documents\workspace\myfirstdemo>docker push vrushalikaware14/firstdemo-docker1:latest
The push refers to repository [docker.io/vrushalikaware14/firstdemo-docker1]
b311783635bf: Pushed
ceaf9e1ebef5: Mounted from library/openjdk
9b9b7f3d56a0: Pushed
f1b5933fe4b5: Mounted from library/openjdk
latest: digest: sha256:e4ed6b1f8015b79ae25709ddb549c783cdc95d4a86c96c09f2cdf4c04f5b562e size: 1159

C:\Users\w2cluster501\Documents\workspace\myfirstdemo>
C:\Users\w2cluster501\Documents\workspace\myfirstdemo>








Microsoft Windows [Version 10.0.10240]
(c) 2015 Microsoft Corporation. All rights reserved.

C:\Windows\system32>ping 192.168.99.104

Pinging 192.168.99.104 with 32 bytes of data:
Reply from 192.168.99.104: bytes=32 time=1ms TTL=64
Reply from 192.168.99.104: bytes=32 time=8ms TTL=64
Reply from 192.168.99.104: bytes=32 time<1ms TTL=64
Reply from 192.168.99.104: bytes=32 time=1ms TTL=64

Ping statistics for 192.168.99.104:
    Packets: Sent = 4, Received = 4, Lost = 0 (0% loss),
Approximate round trip times in milli-seconds:
    Minimum = 0ms, Maximum = 8ms, Average = 2ms

C:\Windows\system32>ping 192.168.99.105

Pinging 192.168.99.105 with 32 bytes of data:
Reply from 192.168.99.105: bytes=32 time=4ms TTL=64
Reply from 192.168.99.105: bytes=32 time<1ms TTL=64
Reply from 192.168.99.105: bytes=32 time=6ms TTL=64
Reply from 192.168.99.105: bytes=32 time<1ms TTL=64

Ping statistics for 192.168.99.105:
    Packets: Sent = 4, Received = 4, Lost = 0 (0% loss),
Approximate round trip times in milli-seconds:
    Minimum = 0ms, Maximum = 6ms, Average = 2ms

C:\Windows\system32>ping 192.168.99.106

Pinging 192.168.99.106 with 32 bytes of data:
Reply from 192.168.99.106: bytes=32 time=1ms TTL=64
Reply from 192.168.99.106: bytes=32 time<1ms TTL=64
Reply from 192.168.99.106: bytes=32 time<1ms TTL=64
Reply from 192.168.99.106: bytes=32 time<1ms TTL=64

Ping statistics for 192.168.99.106:
    Packets: Sent = 4, Received = 4, Lost = 0 (0% loss),
Approximate round trip times in milli-seconds:
    Minimum = 0ms, Maximum = 1ms, Average = 0ms

C:\Windows\system32>cd C:\Users\w2cluster501

C:\Users\w2cluster501>mkdir .kube

C:\Users\w2cluster501>kubectl get nodes
NAME        STATUS   ROLES    AGE    VERSION
master-vm   Ready    master   194d   v1.17.4
node01-vm   Ready    <none>   194d   v1.17.4
node02-vm   Ready    <none>   194d   v1.17.4

C:\Users\w2cluster501>cd C:\Users\w2cluster501\Documents\workspace\myfirstdemo\

C:\Users\w2cluster501\Documents\workspace\myfirstdemo>kubectl apply -f simple-k8-dep.yaml
deployment.apps/myfirstdemo created

C:\Users\w2cluster501\Documents\workspace\myfirstdemo>kubectl get pods
NAME                           READY   STATUS              RESTARTS   AGE
myfirstdemo-77577fdf49-fz8f2   0/1     ContainerCreating   0          11s

C:\Users\w2cluster501\Documents\workspace\myfirstdemo>kubectl apply -f simple-svc-k8s.yaml
service/myfirstdemo created

C:\Users\w2cluster501\Documents\workspace\myfirstdemo>kubectl get pods
NAME                           READY   STATUS    RESTARTS   AGE
myfirstdemo-77577fdf49-fz8f2   1/1     Running   0          3m58s

C:\Users\w2cluster501\Documents\workspace\myfirstdemo>kubectl get svc
NAME          TYPE        CLUSTER-IP       EXTERNAL-IP   PORT(S)          AGE
kubernetes    ClusterIP   10.96.0.1        <none>        443/TCP          194d
myfirstdemo   NodePort    10.108.220.150   <none>        8300:31496/TCP   5m41s

C:\Users\w2cluster501\Documents\workspace\myfirstdemo>
C:\Users\w2cluster501\Documents\workspace\myfirstdemo>docker images
error during connect: Get https://192.168.99.102:2376/v1.37/images/json: dial tcp 192.168.99.102:2376: connectex: A connection attempt failed because the connected party did not properly respond after a period of time, or established connection failed because connected host has failed to respond.

C:\Users\w2cluster501\Documents\workspace\myfirstdemo>